// Jest Snapshot v1, https://goo.gl/fbAQLP

exports[`Card Component should match snapshot 1`] = `
<DocumentFragment>
  <div
    class="card card-container"
  >
    <span
      class="card-title"
    >
      test
    </span>
    <div
      class="card-tasks-container"
    >
      <div
        class="task-list-container"
      >
        <div
          class="add-task-container"
        >
          <form
            class="custom-form"
          >
            <input
              class=" input-form"
              placeholder="Add Task..."
              value=""
            />
          </form>
          <button
            class="add-task-button trello-icon-button"
            data-testid="add-task-button"
            disabled=""
          >
            <i
              class="fa fa-plus"
            />
          </button>
        </div>
      </div>
    </div>
    <button
      class="card-dlt-button"
      data-testid="btn-card-delete"
    >
      <i
        class="fa fa-remove"
      />
       Delete
    </button>
  </div>
</DocumentFragment>
`;
